// Jest Snapshot v1, https://goo.gl/fbAQLP

exports[`CreateEditGroupModal render default button 1`] = `
<button
  className="btn btn-primary"
  disabled={false}
  onClick={[Function]}
  type="button"
>
  Create group
</button>
`;
