// Jest Snapshot v1, https://goo.gl/fbAQLP

exports[`GroupsList renders with no group 1`] = `
<div>
  Loading....
</div>
`;

exports[`GroupsList renders with no group 2`] = `
<div>
  Loading....
</div>
`;

exports[`GroupsList renders with with many groups 1`] = `
<div>
  Loading....
</div>
`;
